A value of type 'double' can't be assigned to a variable of type 'int'.
