The name b already defined (5,20)
Undefined name a at (6,19)
Undefined name num at (7,20)
Undefined name dNumber at (7,26)
